<?php return array (
  0 => 'Symfony\\Component\\Cache\\Adapter\\ApcuAdapter',
  1 => 'Symfony\\Component\\Cache\\Adapter\\FilesystemAdapter',
  2 => 'Symfony\\Component\\Cache\\CacheItem',
  3 => 'Symfony\\Component\\Cache\\Adapter\\PhpArrayAdapter',
  4 => 'Symfony\\Component\\Cache\\DoctrineProvider',
  5 => 'Symfony\\Component\\Config\\ConfigCache',
  6 => 'Symfony\\Component\\Config\\FileLocator',
  7 => 'Symfony\\Component\\Debug\\ErrorHandler',
  8 => 'Symfony\\Component\\DependencyInjection\\ContainerAwareInterface',
  9 => 'Symfony\\Component\\DependencyInjection\\Container',
  10 => 'Symfony\\Component\\EventDispatcher\\Event',
  11 => 'Symfony\\Component\\EventDispatcher\\ContainerAwareEventDispatcher',
  12 => 'Symfony\\Component\\HttpKernel\\EventListener\\ResponseListener',
  13 => 'Symfony\\Component\\HttpKernel\\EventListener\\RouterListener',
  14 => 'Symfony\\Component\\HttpKernel\\Bundle\\Bundle',
  15 => 'Symfony\\Component\\HttpKernel\\Controller\\ControllerResolver',
  16 => 'Symfony\\Component\\HttpKernel\\Controller\\ArgumentResolver',
  17 => 'Symfony\\Component\\HttpKernel\\ControllerMetadata\\ArgumentMetadata',
  18 => 'Symfony\\Component\\HttpKernel\\ControllerMetadata\\ArgumentMetadataFactory',
  19 => 'Symfony\\Component\\HttpKernel\\Event\\KernelEvent',
  20 => 'Symfony\\Component\\HttpKernel\\Event\\FilterControllerEvent',
  21 => 'Symfony\\Component\\HttpKernel\\Event\\FilterResponseEvent',
  22 => 'Symfony\\Component\\HttpKernel\\Event\\GetResponseEvent',
  23 => 'Symfony\\Component\\HttpKernel\\Event\\GetResponseForControllerResultEvent',
  24 => 'Symfony\\Component\\HttpKernel\\Event\\GetResponseForExceptionEvent',
  25 => 'Symfony\\Component\\HttpKernel\\HttpKernel',
  26 => 'Symfony\\Component\\HttpKernel\\KernelEvents',
  27 => 'Symfony\\Component\\HttpKernel\\Config\\FileLocator',
  28 => 'Symfony\\Bundle\\FrameworkBundle\\Controller\\ControllerNameParser',
  29 => 'Symfony\\Bundle\\FrameworkBundle\\Controller\\ControllerResolver',
  30 => 'Twig_Environment',
  31 => 'Twig_Extension',
  32 => 'Twig_Extension_Core',
  33 => 'Twig_Extension_Escaper',
  34 => 'Twig_Extension_Optimizer',
  35 => 'Twig_LoaderInterface',
  36 => 'Twig_Markup',
  37 => 'Twig_Template',
);